../Core/Src/main.c:79:6:MAX30100_Init	40	static
../Core/Src/main.c:107:6:MAX30100_ReadFifo	48	static
../Core/Src/main.c:140:9:BeatDetector_Update	32	static
../Core/Src/main.c:220:7:BeatDetector_GetBPM	4	static
../Core/Src/main.c:225:9:Calculate_SpO2	200	static
../Core/Src/main.c:287:6:ugasi_GPIO_izlaze	8	static
../Core/Src/main.c:300:5:main	128	static
../Core/Src/main.c:557:6:SystemClock_Config	88	static
../Core/Src/main.c:595:6:HAL_TIM_PeriodElapsedCallback	16	static
../Core/Src/main.c:603:6:HAL_GPIO_EXTI_Callback	24	static
../Core/Src/main.c:624:6:Error_Handler	4	static,ignoring_inline_asm
